#-----------------------------------------------------------
# Vivado v2017.2 (64-bit)
# SW Build 1909853 on Thu Jun 15 18:39:09 MDT 2017
# IP Build 1909766 on Thu Jun 15 19:58:00 MDT 2017
# Start of session at: Thu Nov 16 00:58:55 2017
# Process ID: 7140
# Current directory: C:/Users/mzm0175/OneDrive - Auburn University/Academics/Compuer architectute/Project/Project_fress/project_CPU_RET_fixed
# Command line: vivado.exe -gui_launcher_event rodinguilauncherevent9676 C:\Users\mzm0175\OneDrive - Auburn University\Academics\Compuer architectute\Project\Project_fress\project_CPU_RET_fixed\project_CPU.xpr
# Log file: C:/Users/mzm0175/OneDrive - Auburn University/Academics/Compuer architectute/Project/Project_fress/project_CPU_RET_fixed/vivado.log
# Journal file: C:/Users/mzm0175/OneDrive - Auburn University/Academics/Compuer architectute/Project/Project_fress/project_CPU_RET_fixed\vivado.jou
#-----------------------------------------------------------
start_gui
open_project {C:/Users/mzm0175/OneDrive - Auburn University/Academics/Compuer architectute/Project/Project_fress/project_CPU_RET_fixed/project_CPU.xpr}
update_compile_order -fileset sources_1
reset_run synth_1
launch_runs synth_1 -jobs 8
wait_on_run synth_1
launch_simulation
source MyPC_tb.tcl
add_wave {{/MyPC_tb/PC0/CPU0/pc/in}} {{/MyPC_tb/PC0/CPU0/pc/out}} 
relaunch_sim
close_sim
launch_simulation
source MyPC_tb.tcl
add_wave {{/MyPC_tb/PC0/CPU0/pc/in}} {{/MyPC_tb/PC0/CPU0/pc/out}} 
relaunch_sim
synth_design -rtl -name rtl_1
reset_run synth_1
launch_runs synth_1 -jobs 8
wait_on_run synth_1
close_sim
launch_simulation
source MyPC_tb.tcl
refresh_design
close_sim
